## hatched
................................................................
................................................................
................................................................
................................................................
................................................................
................................................................
................................................................
................................................................
................................................................
................................................................
................................................................
................................................................
................................................................
................................................................
................................................................
................................................................
................................................................
................................................................
................................................................
................................................................
...........................##########...........................
...........................##########...........................
.........................####..####..##.........................
.........................####..####..##.........................
.........................##############.........................
.........................##############.........................
.........................##############.........................
.........................##############.........................
.........................######....####.........................
.........................######....####.........................
...........................##########...........................
...........................##########...........................

abi_version = 3
save_version = 1
content_hash = 0x958966af
state = 1
species = 1
stage = 1
hunger = 18
happiness = 87
discipline = 0
health = 100
weight = 1
age_secs = 3300
flags = 0
attention = 0
poops = 0
care_mistakes = 0
sim_now = 1700003600
next_event_at = 1700003900


## child_evolving
................................................................
................................................................
................................................................
................................................................
................................................................
................................................................
.......................##......##...............................
.......................##......##...............................
.....................######..######.............................
.....................######..######.............................
.....................##############.............................
.....................##############.............................
.....................##############.............................
.....................##############.............................
...................##################...........................
...................##################...........................
...................##..............##...........................
...................##..............##...........................
.............####..##..##....##....##...........................
.............####..##..##....##....##...........................
.............########..............##...........................
.............########..............##...........................
.................####....####......####.........................
.................####....####......####.........................
...................##..............######.......................
...................##..............######.......................
.....................####......####..####.......................
.....................####......####..####.......................
.......................##########...............................
.......................##########...............................
.......................##......##...............................
.......................##......##...............................

abi_version = 3
save_version = 1
content_hash = 0x958966af
state = 1
species = 1
stage = 2
hunger = 31
happiness = 89
discipline = 0
health = 100
weight = 1
age_secs = 6907
flags = 0
attention = 0
poops = 0
care_mistakes = 0
sim_now = 1700007207
next_event_at = 1700007803


## child
................................................................
................................................................
................................................................
................................................................
................................................................
................................................................
..................##......##....................................
..................##......##....................................
................######..######..................................
................######..######..................................
................##############..................................
................##############..................................
................##############..................................
................##############..................................
..............##################................................
..............##################................................
..............##..............##................................
..............##..............##................................
..............##....##....##..##..####..........................
..............##....##....##..##..####..........................
..............##..............########..........................
..............##..............########..........................
............####......####....####..............................
............####......####....####..............................
..........######..............##................................
..........######..............##................................
..........####..####......####..................................
..........####..####......####..................................
..................##########....................................
..................##########....................................
..................##......##....................................
..................##......##....................................

abi_version = 3
save_version = 1
content_hash = 0x958966af
state = 1
species = 1
stage = 2
hunger = 31
happiness = 89
discipline = 0
health = 100
weight = 1
age_secs = 6912
flags = 0
attention = 0
poops = 0
care_mistakes = 0
sim_now = 1700007212
next_event_at = 1700007803


## adult_alt_evolving
................................................................
................................................................
................................................................
................................................................
................................................................
................................................................
..............########..........................................
..............########..........................................
............##........##........................................
............##........##........................................
..........##..##......####......................................
..........##..##......####......................................
......######........##..####....................................
......######........##..####....................................
....##..................##......................................
....##..................##......................................
......######............####....................................
......######............####....................................
......##................##....##................................
......##................##....##................................
........######............####..##..............................
........######............####..##..............................
............##....##..##........##..............................
............##....##..##........##..............................
..............##....##........##................................
..............##....##........##................................
..............##............##..................................
..............##............##..................................
................############....................................
................############....................................
..................##....##......................................
..................##....##......................................

abi_version = 3
save_version = 1
content_hash = 0x958966af
state = 1
species = 2
stage = 3
hunger = 27
happiness = 93
discipline = 10
health = 50
weight = 3
age_secs = 176509
flags = 0
attention = 0
poops = 0
care_mistakes = 17
sim_now = 1700176809
next_event_at = 1700181436


## adult_alt
................................................................
................................................................
................................................................
................................................................
................................................................
................................................................
......................########..................................
......................########..................................
....................##........##................................
....................##........##................................
..................##..##......####..............................
..................##..##......####..............................
..............######........##..####............................
..............######........##..####............................
............##..................##..............................
............##..................##..............................
..............######............####............................
..............######............####............................
..............##................##....##........................
..............##................##....##........................
................######............####..##......................
................######............####..##......................
....................##....##..##........##......................
....................##....##..##........##......................
......................##....##........##........................
......................##....##........##........................
......................##............##..........................
......................##............##..........................
........................############............................
........................############............................
..........................##....##..............................
..........................##....##..............................

abi_version = 3
save_version = 1
content_hash = 0x958966af
state = 1
species = 2
stage = 3
hunger = 27
happiness = 93
discipline = 10
health = 50
weight = 3
age_secs = 176514
flags = 0
attention = 0
poops = 0
care_mistakes = 17
sim_now = 1700176814
next_event_at = 1700181436


## end
................................................................
................................................................
................................................................
................................................................
................................................................
................................................................
......................########..................................
......................########..................................
....................##........##................................
....................##........##................................
..................##..##......####..............................
..................##..##......####..............................
..............######........##..####............................
..............######........##..####............................
............##..................##..............................
............##..................##..............................
..............######............####............................
..............######............####............................
..............##................##....##........................
..............##................##....##........................
................######............####..##......................
................######............####..##......................
....................##....##..##........##......................
....................##....##..##........##......................
......................##....##........##........................
......................##....##........##........................
......................##............##..........................
......................##............##..........................
........................############............................
........................############............................
..........................##....##..............................
..........................##....##..............................

abi_version = 3
save_version = 1
content_hash = 0x958966af
state = 1
species = 2
stage = 3
hunger = 27
happiness = 93
discipline = 10
health = 50
weight = 3
age_secs = 176514
flags = 0
attention = 0
poops = 0
care_mistakes = 17
sim_now = 1700176814
next_event_at = 1700181436

