## hatched
................................................................
................................................................
................................................................
................................................................
................................................................
................................................................
................................................................
................................................................
................................................................
................................................................
................................................................
................................................................
................................................................
................................................................
................................................................
................................................................
...........................###....###...........................
...........................###....###...........................
...........................###....###...........................
...........................###....###...........................
...........................##########...........................
...........................##..##..##...........................
..........................###..##..###..........................
..........................############..........................
..........................############..........................
..........................############..........................
..........................############..........................
..........................############..........................
...........................##########...........................
...........................##########...........................
...........................###....###...........................
...........................###....###...........................

abi_version = 2
save_version = 1
content_hash = 0xeaabc30c
state = 1
species = 1
stage = 1
hunger = 0
happiness = 100
discipline = 0
health = 100
weight = 1
age_secs = 1
flags = 0
attention = 0
poops = 0
care_mistakes = 0
sim_now = 1700000301
next_event_at = 1700003900


## feed_sub_snack
................................................................
................................................................
................................................................
................................................................
........................................################........
........................................################........
........................................#####......#####........
............########....................###..........###........
...........##########...................###..........###........
..........############..................##...##.......##........
.........##############.................##...##...##..##........
.........##############.................##........##..##........
.........##############.................##............##........
.........##############.................##............##........
..........############..................##.....##..##.##........
..........############..................###....##..#####........
..........############..................###..........###........
........................................#####......#####........
........................................################........
........................................################........
................................................................
................................................................
................................................................
................................................................
.....#...#.#####...#...#...........####.#...#...#....###..#...#.
.....##.##.#......#.#..#..........#.....##..#..#.#..#...#.#..#..
.....#.#.#.#.....#...#.#..........#.....#.#.#.#...#.#.....#.#...
.....#.#.#.####..#####.#...........###..#..##.#####.#.....##....
.....#...#.#.....#...#.#..............#.#...#.#...#.#.....#.#...
.....#...#.#.....#...#.#..............#.#...#.#...#.#...#.#..#..
.....#...#.#####.#...#.#####......####..#...#.#...#..###..#...#.
................................................................

abi_version = 2
save_version = 1
content_hash = 0xeaabc30c
state = 1
species = 1
stage = 1
hunger = 0
happiness = 100
discipline = 0
health = 100
weight = 1
age_secs = 1
flags = 0
attention = 0
poops = 0
care_mistakes = 0
sim_now = 1700000301
next_event_at = 1700003900


## applied
................................................................
................................................................
................................................................
................................................................
................................................................
................................................................
................................................................
................................................................
................................................................
................................................................
................................................................
................................................................
................................................................
................................................................
................................................................
................................................................
...........................###....###...........................
...........................###....###...........................
.....######................###....###...........................
...##########..............###....###...........................
...##########..............##########...........................
..###..#######.............##..##..##...........................
..###..###..##............###..##..###..........................
..########..##............############..........................
..############............############..........................
..############............############..........................
..#####..##..#............############..........................
...####..##...............############..........................
...##########..............##########...........................
.....######................##########...........................
...........................###....###...........................
...........................###....###...........................

abi_version = 2
save_version = 1
content_hash = 0xeaabc30c
state = 1
species = 1
stage = 1
hunger = 0
happiness = 100
discipline = 0
health = 100
weight = 4
age_secs = 1
flags = 0
attention = 0
poops = 0
care_mistakes = 0
sim_now = 1700000301
next_event_at = 1700000306


## after_eating
................................................................
................................................................
................................................................
................................................................
................................................................
................................................................
................................................................
................................................................
................................................................
................................................................
................................................................
................................................................
................................................................
................................................................
................................................................
................................................................
...........................###....###...........................
...........................###....###...........................
...........................###....###...........................
...........................###....###...........................
...........................##########...........................
...........................##..##..##...........................
..........................###..##..###..........................
..........................############..........................
..........................############..........................
..........................############..........................
..........................############..........................
..........................############..........................
...........................##########...........................
...........................##########...........................
...........................###....###...........................
...........................###....###...........................

abi_version = 2
save_version = 1
content_hash = 0xeaabc30c
state = 1
species = 1
stage = 1
hunger = 0
happiness = 100
discipline = 0
health = 100
weight = 4
age_secs = 6
flags = 0
attention = 0
poops = 0
care_mistakes = 0
sim_now = 1700000306
next_event_at = 1700003900

