## hatched
................................
................................
................................
................................
................................
................................
..............####..............
.............######.............
............##.##.##............
............########............
............########............
............########............
.............######.............
.............######.............
.............##..##.............
.............##..##.............

abi_version = 1
save_version = 1
content_hash = 0x95162ef7
state = 1
species = 1
stage = 1
hunger = 0
happiness = 100
discipline = 0
health = 100
weight = 1
age_secs = 1
flags = 0
attention = 0
poops = 0
care_mistakes = 0
sim_now = 1700000301
next_event_at = 1700003900


## child_evolving
...##...........................
................................
................................
##....##........................
................................
................................
...##.........####..............
.............######.............
............##.##.##.......##...
............########............
............########............
............########....##....##
.............######.............
.............######.............
.............##..##........##...
.............##..##.............

abi_version = 1
save_version = 1
content_hash = 0x95162ef7
state = 1
species = 1
stage = 2
hunger = 20
happiness = 86
discipline = 0
health = 100
weight = 1
age_secs = 3601
flags = 0
attention = 0
poops = 0
care_mistakes = 0
sim_now = 1700003901
next_event_at = 1700003903


## child
................................
................................
................................
............##....##............
............##....##............
...........#########............
..........####.##.####..........
..........############..........
..........############..........
..........############..........
..........############..........
..........############..........
...........##########...........
............########............
............###..###............
............###..###............

abi_version = 1
save_version = 1
content_hash = 0x95162ef7
state = 1
species = 1
stage = 2
hunger = 20
happiness = 86
discipline = 0
health = 100
weight = 1
age_secs = 3606
flags = 0
attention = 0
poops = 0
care_mistakes = 0
sim_now = 1700003906
next_event_at = 1700009052


## adult_evolving
...##...........................
................................
................................
##....##....##....##............
............##....##............
...........#########............
...##.....####.##.####..........
..........############..........
..........############.....##...
..........############..........
..........############..........
..........############..##....##
...........##########...........
............########............
............###..###.......##...
............###..###............

abi_version = 1
save_version = 1
content_hash = 0x95162ef7
state = 1
species = 1
stage = 3
hunger = 50
happiness = 91
discipline = 50
health = 100
weight = 1
age_secs = 176401
flags = 0
attention = 0
poops = 0
care_mistakes = 0
sim_now = 1700176701
next_event_at = 1700176703


## adult
................................
............##....##............
............##....##............
............##....##............
............##....##............
...........##########...........
..........####.##.####..........
..........############..........
..........############..........
..........############..........
..........############..........
..........############..........
...........##########...........
...........##########...........
............###..###............
............###..###............

abi_version = 1
save_version = 1
content_hash = 0x95162ef7
state = 1
species = 1
stage = 3
hunger = 50
happiness = 91
discipline = 50
health = 100
weight = 1
age_secs = 176406
flags = 0
attention = 0
poops = 0
care_mistakes = 0
sim_now = 1700176706
next_event_at = 1700180893


## dead
............#......#............
............########............
...........##########...........
..........############..........
..........############..........
..........###.#..#.###..........
..........####....####..........
..........###......###..........
..........###......###..........
..........###......###..........
..........###......###..........
..........###......###..........
..........############..........
..........############..........
..........############..........
..........############..........

abi_version = 1
save_version = 1
content_hash = 0x95162ef7
state = 2
species = 1
stage = 3
hunger = 57
happiness = 88
discipline = 100
health = 100
weight = 1
age_secs = 670126
flags = 6
attention = 0
poops = 0
care_mistakes = 0
sim_now = 1700670426
next_event_at = 4294967295


## end
............#......#............
............########............
...........##########...........
..........############..........
..........############..........
..........###.#..#.###..........
..........####....####..........
..........###......###..........
..........###......###..........
..........###......###..........
..........###......###..........
..........###......###..........
..........############..........
..........############..........
..........############..........
..........############..........

abi_version = 1
save_version = 1
content_hash = 0x95162ef7
state = 2
species = 1
stage = 3
hunger = 57
happiness = 88
discipline = 100
health = 100
weight = 1
age_secs = 670126
flags = 6
attention = 0
poops = 0
care_mistakes = 0
sim_now = 1700670426
next_event_at = 4294967295

