## hatched
.......................######............####...................
.....................########....######..######.................
.....................########....######..######.................
...................####..####..##..####..#######................
...................####..####..##..####..#######................
...................##..####......####....####..#................
...................##..####......####....####..#................
...................##..##..................##..#................
...................##..##..................##..#................
...................######..............##..####.................
...................######..............##..####.................
...................##......##########......##...................
...................##......##########......##...................
................#........##..######..##..##.....................
................#........##..######..##..##.....................
...................##....##############........#................
...................##....##############........#................
................#####....####......####......##.................
................#####....####......####......##.................
................#####....####......####......###................
................#####....####......####......###................
................#####......##########...........................
................#####......##########...........................
................#..##..##..................##...................
................#..##..##..................##...................
................#..##..####..####..##..######..#................
................#..##..####..####..##..######..#................
.................##......####....##..######.....................
.................##......####....##..######.....................
.........................##..........######.....................
.........................##..........######.....................
.........................################.......................

abi_version = 3
save_version = 1
content_hash = 0x958966af
state = 1
species = 1
stage = 1
hunger = 0
happiness = 100
discipline = 0
health = 100
weight = 1
age_secs = 1
flags = 0
attention = 0
poops = 0
care_mistakes = 0
sim_now = 1700000301
next_event_at = 1700003900


## dead_after_7_days
.....................................................######.....
...................................................##########...
............................########.............##############.
..........................############..........################
........................################........##...######...##
.......................######.####.######.......################
......................#####...####...#####.......##############.
......................###.....####.....###........###########...
.....................####.....####.....####........#########....
.....................###......####......###.........########....
.....................###......####......###...........#######...
.....................###..############..###.............######..
.....................###..############..###..............######.
.....................###..############..###..............#####..
.....................###..############..###.............####....
.....................###......####......###.............##......
.....................###......####......###.....................
.....................###......####......###.....................
.....................###......####......###.....................
.....................###......####......###.....................
.....................###......####......###.....................
.....................###......####......###.....................
.....................###......####......###.....................
.....................###......####......###.....................
.....................###......####......###.....................
.....................######################.....................
.....................######################.....................
.....................######################.....................
...................##########################...................
...................##########################...................
...................##########################...................
...................##########################...................

abi_version = 3
save_version = 1
content_hash = 0x958966af
state = 2
species = 1
stage = 2
hunger = 100
happiness = 0
discipline = 0
health = 0
weight = 1
age_secs = 604801
flags = 1
attention = 0
poops = 3
care_mistakes = 9
sim_now = 1700605101
next_event_at = 4294967295


## still_dead_a_year_later
.....................................................######.....
...................................................##########...
............................########.............##############.
..........................############..........################
........................################........##...######...##
.......................######.####.######.......################
......................#####...####...#####.......##############.
......................###.....####.....###........###########...
.....................####.....####.....####........#########....
.....................###......####......###.........########....
.....................###......####......###...........#######...
.....................###..############..###.............######..
.....................###..############..###..............######.
.....................###..############..###..............#####..
.....................###..############..###.............####....
.....................###......####......###.............##......
.....................###......####......###.....................
.....................###......####......###.....................
.....................###......####......###.....................
.....................###......####......###.....................
.....................###......####......###.....................
.....................###......####......###.....................
.....................###......####......###.....................
.....................###......####......###.....................
.....................###......####......###.....................
.....................######################.....................
.....................######################.....................
.....................######################.....................
...................##########################...................
...................##########################...................
...................##########################...................
...................##########################...................

abi_version = 3
save_version = 1
content_hash = 0x958966af
state = 2
species = 1
stage = 2
hunger = 100
happiness = 0
discipline = 0
health = 0
weight = 1
age_secs = 32140801
flags = 1
attention = 0
poops = 3
care_mistakes = 9
sim_now = 1732141101
next_event_at = 4294967295


## buttons_ignored
.....................................................######.....
...................................................##########...
............................########.............##############.
..........................############..........################
........................################........##...######...##
.......................######.####.######.......################
......................#####...####...#####.......##############.
......................###.....####.....###........###########...
.....................####.....####.....####........#########....
.....................###......####......###.........########....
.....................###......####......###...........#######...
.....................###..############..###.............######..
.....................###..############..###..............######.
.....................###..############..###..............#####..
.....................###..############..###.............####....
.....................###......####......###.............##......
.....................###......####......###.....................
.....................###......####......###.....................
.....................###......####......###.....................
.....................###......####......###.....................
.....................###......####......###.....................
.....................###......####......###.....................
.....................###......####......###.....................
.....................###......####......###.....................
.....................###......####......###.....................
.....................######################.....................
.....................######################.....................
.....................######################.....................
...................##########################...................
...................##########################...................
...................##########################...................
...................##########################...................

abi_version = 3
save_version = 1
content_hash = 0x958966af
state = 2
species = 1
stage = 2
hunger = 100
happiness = 0
discipline = 0
health = 0
weight = 1
age_secs = 32140801
flags = 1
attention = 0
poops = 3
care_mistakes = 9
sim_now = 1732141101
next_event_at = 4294967295

