## egg
................................
..............####..............
.............######.............
............########............
...........##########...........
...........##########...........
..........############..........
..........############..........
..........############..........
..........############..........
..........############..........
...........##########...........
...........##########...........
............########............
.............######.............
..............####..............

abi_version = 1
save_version = 1
content_hash = 0x95162ef7
state = 1
species = 1
stage = 0
hunger = 0
happiness = 100
discipline = 0
health = 100
weight = 1
age_secs = 0
flags = 0
attention = 0
poops = 0
care_mistakes = 0
sim_now = 1700000001
next_event_at = 1700000300


## egg_cracking
................................
..............####..............
.............######.............
............########............
...........##########...........
...........##########...........
..........############..........
..........############..........
..........############..........
..........############..........
..........############..........
...........##########...........
...........##########...........
............########............
.............######.............
..............####..............

abi_version = 1
save_version = 1
content_hash = 0x95162ef7
state = 1
species = 1
stage = 0
hunger = 0
happiness = 100
discipline = 0
health = 100
weight = 1
age_secs = 0
flags = 0
attention = 0
poops = 0
care_mistakes = 0
sim_now = 1700000241
next_event_at = 1700000300


## egg_final_second
..............####..............
.............######.............
............########............
...........##########...........
...........##########...........
..........############..........
................................
..........############..........
..........############..........
..........############..........
...........##########...........
...........##########...........
............########............
.............######.............
..............####..............
................................

abi_version = 1
save_version = 1
content_hash = 0x95162ef7
state = 1
species = 1
stage = 0
hunger = 0
happiness = 100
discipline = 0
health = 100
weight = 1
age_secs = 0
flags = 0
attention = 0
poops = 0
care_mistakes = 0
sim_now = 1700000299
next_event_at = 1700000300


## hatched
................................
................................
................................
................................
................................
................................
..............####..............
.............######.............
............##.##.##............
............########............
............########............
............########............
.............######.............
.............######.............
.............##..##.............
.............##..##.............

abi_version = 1
save_version = 1
content_hash = 0x95162ef7
state = 1
species = 1
stage = 1
hunger = 0
happiness = 100
discipline = 0
health = 100
weight = 1
age_secs = 1
flags = 0
attention = 0
poops = 0
care_mistakes = 0
sim_now = 1700000301
next_event_at = 1700003900


## menu_feed
########.#...#..##........###...
##...###..###...###.......###...
#.....##.#####..####......###...
.......########.#####...#######.
#.....##.#####..####......###...
##...###..###...###.......###...
########.#...#..##........###...
########........................
...#....#######...####..##...##.
..###.............####...##.##..
.#####..#######...####....###...
#######...........####....###...
#######.#######...........###...
.#####............####...##.##..
..###...#######.........##...##.
................................

abi_version = 1
save_version = 1
content_hash = 0x95162ef7
state = 1
species = 1
stage = 1
hunger = 0
happiness = 100
discipline = 0
health = 100
weight = 1
age_secs = 2
flags = 0
attention = 0
poops = 0
care_mistakes = 0
sim_now = 1700000302
next_event_at = 1700000312


## menu_lights
........#.###.####........###...
..###...##...######.......###...
.#####..#.....######......###...
#######........######...#######.
.#####..#.....######......###...
..###...##...######.......###...
........#.###.####........###...
........########................
...#....#######...####..##...##.
..###.............####...##.##..
.#####..#######...####....###...
#######...........####....###...
#######.#######...........###...
.#####............####...##.##..
..###...#######.........##...##.
................................

abi_version = 1
save_version = 1
content_hash = 0x95162ef7
state = 1
species = 1
stage = 1
hunger = 0
happiness = 100
discipline = 0
health = 100
weight = 1
age_secs = 3
flags = 0
attention = 0
poops = 0
care_mistakes = 0
sim_now = 1700000303
next_event_at = 1700000313


## menu_closed
................................
................................
................................
................................
................................
................................
..............####..............
.............######.............
............##.##.##............
............########............
............########............
............########............
.............######.............
.............######.............
.............##..##.............
.............##..##.............

abi_version = 1
save_version = 1
content_hash = 0x95162ef7
state = 1
species = 1
stage = 1
hunger = 0
happiness = 100
discipline = 0
health = 100
weight = 1
age_secs = 4
flags = 0
attention = 0
poops = 0
care_mistakes = 0
sim_now = 1700000304
next_event_at = 1700003900


## after_reload
................................
................................
................................
................................
................................
................................
..............####..............
.............######.............
............##.##.##............
............########............
............########............
............########............
.............######.............
.............######.............
.............##..##.............
.............##..##.............

abi_version = 1
save_version = 1
content_hash = 0x95162ef7
state = 1
species = 1
stage = 1
hunger = 0
happiness = 100
discipline = 0
health = 100
weight = 1
age_secs = 5
flags = 0
attention = 0
poops = 0
care_mistakes = 0
sim_now = 1700000305
next_event_at = 1700003900

