## hatched
.......................######............####...................
.....................########....######..######.................
.....................########....######..######.................
...................####..####..##..####..#######................
...................####..####..##..####..#######................
...................##..####......####....####..#................
...................##..####......####....####..#................
...................##..##..................##..#................
...................##..##..................##..#................
...................######..............##..####.................
...................######..............##..####.................
...................##......##########......##...................
...................##......##########......##...................
................#........##..######..##..##.....................
................#........##..######..##..##.....................
...................##....##############........#................
...................##....##############........#................
................#####....####......####......##.................
................#####....####......####......##.................
................#####....####......####......###................
................#####....####......####......###................
................#####......##########...........................
................#####......##########...........................
................#..##..##..................##...................
................#..##..##..................##...................
................#..##..####..####..##..######..#................
................#..##..####..####..##..######..#................
.................##......####....##..######.....................
.................##......####....##..######.....................
.........................##..........######.....................
.........................##..........######.....................
.........................################.......................

abi_version = 3
save_version = 1
content_hash = 0x958966af
state = 1
species = 1
stage = 1
hunger = 0
happiness = 100
discipline = 0
health = 100
weight = 1
age_secs = 1
flags = 0
attention = 0
poops = 0
care_mistakes = 0
sim_now = 1700000301
next_event_at = 1700003900


## evolved_to_child
.......##.......................................................
.......##.......................................................
.......##.......................................................
.......##.......................................................
.......##.......................................................
.....######.....................................................
.....######.....................................................
################................................................
################................................................
.....######.....................................................
.....######.....................................................
.......##.......................................................
.......##.......................................................
.......##.......................................................
.......##.......................................................
.......##.......................................................
.......................................................##.......
.......................................................##.......
.......................................................##.......
.......................................................##.......
...........................##########..................##.......
...........................##########................######.....
.........................##..####..####..............######.....
.........................##..####..####.........################
.........................##############.........################
.........................##############..............######.....
.........................##############..............######.....
.........................##############................##.......
.........................####....######................##.......
.........................####....######................##.......
...........................##########..................##.......
...........................##########..................##.......

abi_version = 3
save_version = 1
content_hash = 0x958966af
state = 1
species = 1
stage = 2
hunger = 20
happiness = 85
discipline = 0
health = 100
weight = 1
age_secs = 3601
flags = 0
attention = 0
poops = 0
care_mistakes = 0
sim_now = 1700003901
next_event_at = 1700003903


## plus_4h
................................................................
................................................................
................................................................
................................................................
................................................................
................................................................
............................##......##..........................
............................##......##..........................
..........................######..######........................
..........................######..######........................
..........................##############........................
..........................##############........................
..........................##############........................
..........................##############........................
........................##################......................
........................##################......................
........................##..............##......................
........................##..............##................##....
..................####..##..##....##....##.............#####....
..................####..##..##....##....##............######....
..................########..............##............######....
..................########..............##...........######.....
......................####....####......####........########....
......................####....####......####.......##########...
........................##..............######.....##########...
........................##..............######.....##########...
..........................####......####..####....############..
..........................####......####..####...##############.
............................##########...........##############.
............................##########............############..
............................##......##.............##########...
............................##......##..........................

abi_version = 3
save_version = 1
content_hash = 0x958966af
state = 1
species = 1
stage = 2
hunger = 56
happiness = 61
discipline = 0
health = 100
weight = 1
age_secs = 14401
flags = 0
attention = 0
poops = 1
care_mistakes = 1
sim_now = 1700014701
next_event_at = 1700015636


## plus_4h15m
................................................................
................................................................
................................................................
................................................................
................................................................
................................................................
.................##......##.....................................
.................##......##.....................................
...............######..######...................................
...............######..######...................................
...............##############...................................
...............##############...................................
...............##############...................................
...............##############...................................
.............##################.................................
.............##################.................................
.............##..............##.................................
.............##..............##...........................##....
.......####..##..##....##....##........................#####....
.......####..##..##....##....##.......................######....
.......########..............##.......................######....
.......########..............##......................######.....
...........####....####......####...................########....
...........####....####......####..................##########...
.............##..............######................##########...
.............##..............######................##########...
...............####......####..####...............############..
...............####......####..####..............##############.
.................##########......................##############.
.................##########.......................############..
.................##......##........................##########...
.................##......##.....................................

abi_version = 3
save_version = 1
content_hash = 0x958966af
state = 1
species = 1
stage = 2
hunger = 59
happiness = 59
discipline = 0
health = 100
weight = 1
age_secs = 15302
flags = 0
attention = 0
poops = 1
care_mistakes = 1
sim_now = 1700015602
next_event_at = 1700015636


## dead
.....................................................######.....
...................................................##########...
............................########.............##############.
..........................############..........################
........................################........##...######...##
.......................######.####.######.......################
......................#####...####...#####.......##############.
......................###.....####.....###........###########...
.....................####.....####.....####........#########....
.....................###......####......###.........########....
.....................###......####......###...........#######...
.....................###..############..###.............######..
.....................###..############..###..............######.
.....................###..############..###..............#####..
.....................###..############..###.............####....
.....................###......####......###.............##......
.....................###......####......###.....................
.....................###......####......###.....................
.....................###......####......###.....................
.....................###......####......###.....................
.....................###......####......###.....................
.....................###......####......###.....................
.....................###......####......###.....................
.....................###......####......###.....................
.....................###......####......###.....................
.....................######################.....................
.....................######################.....................
.....................######################.....................
...................##########################...................
...................##########################...................
...................##########################...................
...................##########################...................

abi_version = 3
save_version = 1
content_hash = 0x958966af
state = 2
species = 1
stage = 2
hunger = 100
happiness = 0
discipline = 0
health = 0
weight = 1
age_secs = 86401
flags = 9
attention = 2
poops = 3
care_mistakes = 8
sim_now = 1700086701
next_event_at = 4294967295

