## hatched
................................
................................
................................
................................
................................
................................
..............####..............
.............######.............
............##.##.##............
............########............
............########............
............########............
.............######.............
.............######.............
.............##..##.............
.............##..##.............

abi_version = 1
save_version = 1
content_hash = 0xcf37d533
state = 1
species = 1
stage = 1
hunger = 0
happiness = 100
discipline = 0
health = 100
weight = 1
age_secs = 1
flags = 0
attention = 0
poops = 0
care_mistakes = 0
sim_now = 1700000301
next_event_at = 1700003900


## plus_1h
................................
................................
................................
................................
................................
................................
..............####..............
.............######.............
............##.##.##............
............########............
............########............
............########............
.............######.............
.............######.............
.............##..##.............
.............##..##.............

abi_version = 1
save_version = 1
content_hash = 0xcf37d533
state = 1
species = 1
stage = 1
hunger = 20
happiness = 85
discipline = 0
health = 100
weight = 1
age_secs = 3601
flags = 0
attention = 0
poops = 0
care_mistakes = 0
sim_now = 1700003901
next_event_at = 1700008520


## hungry_call
..........................##....
..........................##....
..........................##....
..........................##....
..........................##....
................................
..............####........##....
.............######.............
............##.##.##............
............########......###...
............########.....#####..
............########....#..#..#.
.............######......#####..
.............######.......###...
.............##..##.............
.............##..##.............

abi_version = 1
save_version = 1
content_hash = 0xcf37d533
state = 1
species = 1
stage = 1
hunger = 80
happiness = 40
discipline = 0
health = 100
weight = 1
age_secs = 14401
flags = 8
attention = 1
poops = 1
care_mistakes = 1
sim_now = 1700014701
next_event_at = 1700015600


## first_care_mistake
................................
................................
................................
................................
................................
................................
..............####..............
.............######.............
............##.##.##............
............########......###...
............########.....#####..
............########....#..#..#.
.............######......#####..
.............######.......###...
.............##..##.............
.............##..##.............

abi_version = 1
save_version = 1
content_hash = 0xcf37d533
state = 1
species = 1
stage = 1
hunger = 85
happiness = 37
discipline = 0
health = 100
weight = 1
age_secs = 15302
flags = 0
attention = 0
poops = 1
care_mistakes = 2
sim_now = 1700015602
next_event_at = 1700015781


## dead_by_starvation
............#......#............
............########............
...........##########...........
..........############..........
..........############..........
..........###.#..#.###..........
..........####....####..........
..........###......###..........
..........###......###..........
..........###......###..........
..........###......###..........
..........###......###..........
..........############..........
..........############..........
..........############..........
..........############..........

abi_version = 1
save_version = 1
content_hash = 0xcf37d533
state = 2
species = 1
stage = 1
hunger = 100
happiness = 0
discipline = 0
health = 100
weight = 1
age_secs = 86401
flags = 2
attention = 0
poops = 3
care_mistakes = 9
sim_now = 1700086701
next_event_at = 4294967295

