## hatched
................................................................
................................................................
................................................................
................................................................
................................................................
................................................................
................................................................
................................................................
................................................................
................................................................
................................................................
................................................................
................................................................
................................................................
................................................................
................................................................
...........................###....###...........................
...........................###....###...........................
...........................###....###...........................
...........................###....###...........................
...........................##########...........................
...........................##..##..##...........................
..........................###..##..###..........................
..........................############..........................
..........................############..........................
..........................############..........................
..........................############..........................
..........................############..........................
...........................##########...........................
...........................##########...........................
...........................###....###...........................
...........................###....###...........................

abi_version = 3
save_version = 1
content_hash = 0xeaabc30c
state = 1
species = 1
stage = 1
hunger = 0
happiness = 100
discipline = 0
health = 100
weight = 1
age_secs = 1
flags = 0
attention = 0
poops = 0
care_mistakes = 0
sim_now = 1700000301
next_event_at = 1700003900


## dead
................................................................
.............................##..........##.....................
............................########....###.....................
..........................############.###......................
........................#################.......................
.......................######.###########.......................
......................#####...############......................
......................###.....########.###......................
.....................####.....########.####.....................
.....................###......#########.###.....................
.....................###......#####..######.....................
.....................###..#################.....................
.....................###..############.####.....................
.....................###..############..###.....................
.....................###..############..###.....................
.....................###......####......###.....................
.....................###......####......###.....................
.....................###......####......###.....................
.....................###......####......###.....................
.....................###......####......###.....................
.....................###......####......###.....................
.....................###......####......###.....................
.....................###......####......###.....................
.....................###......####......###.....................
.....................###......####......###.....................
.....................######################.....................
.....................######################.....................
.....................######################.....................
...................##########################...................
...................##########################...................
...................##########################...................
...................##########################...................

abi_version = 3
save_version = 1
content_hash = 0xeaabc30c
state = 2
species = 1
stage = 2
hunger = 100
happiness = 0
discipline = 0
health = 0
weight = 1
age_secs = 90001
flags = 9
attention = 2
poops = 3
care_mistakes = 8
sim_now = 1700090301
next_event_at = 4294967295


## still_holding
................................................................
.............................##..........##.....................
............................########....###.....................
..........................############.###......................
........................#################.......................
.......................######.###########.......................
......................#####...############......................
......................###.....########.###......................
.....................####.....########.####.....................
.....................###......#########.###.....................
.....................###......#####..######.....................
.....................###..#################.....................
.....................###..############.####.....................
.....................###..############..###.....................
.....................###..############..###.....................
.....................###......####......###.....................
.....................###......####......###.....................
.....................###......####......###.....................
.....................###......####......###.....................
.....................###......####......###.....................
.....................###......####......###.....................
.....................###......####......###.....................
.....................###......####......###.....................
.....................###......####......###.....................
.....................###......####......###.....................
.....................######################.....................
.....................######################.....................
.....................######################.....................
...................##########################...................
...................##########################...................
...................##########################...................
...................##########################...................

abi_version = 3
save_version = 1
content_hash = 0xeaabc30c
state = 2
species = 1
stage = 2
hunger = 100
happiness = 0
discipline = 0
health = 0
weight = 1
age_secs = 90001
flags = 9
attention = 2
poops = 3
care_mistakes = 8
sim_now = 1700090301
next_event_at = 4294967295


## released_early
................................................................
.............................##..........##.....................
............................########....###.....................
..........................############.###......................
........................#################.......................
.......................######.###########.......................
......................#####...############......................
......................###.....########.###......................
.....................####.....########.####.....................
.....................###......#########.###.....................
.....................###......#####..######.....................
.....................###..#################.....................
.....................###..############.####.....................
.....................###..############..###.....................
.....................###..############..###.....................
.....................###......####......###.....................
.....................###......####......###.....................
.....................###......####......###.....................
.....................###......####......###.....................
.....................###......####......###.....................
.....................###......####......###.....................
.....................###......####......###.....................
.....................###......####......###.....................
.....................###......####......###.....................
.....................###......####......###.....................
.....................######################.....................
.....................######################.....................
.....................######################.....................
...................##########################...................
...................##########################...................
...................##########################...................
...................##########################...................

abi_version = 3
save_version = 1
content_hash = 0xeaabc30c
state = 2
species = 1
stage = 2
hunger = 100
happiness = 0
discipline = 0
health = 0
weight = 1
age_secs = 90002
flags = 9
attention = 2
poops = 3
care_mistakes = 8
sim_now = 1700090302
next_event_at = 4294967295


## restarted_egg
................................................................
................................................................
................................................................
................................................................
................................................................
............................########............................
..........................############..........................
.........................##############.........................
........................################........................
.......................##################.......................
.......................##################.......................
......................####################......................
......................####################......................
......................####################......................
.....................######################.....................
.....................######################.....................
.....................######################.....................
.....................######################.....................
.....................######################.....................
.....................######################.....................
.....................######################.....................
.....................######################.....................
......................####################......................
......................####################......................
......................####################......................
.......................##################.......................
.......................##################.......................
........................################........................
.........................##############.........................
.........................##############.........................
.........................##############.........................
.........................##############.........................

abi_version = 3
save_version = 1
content_hash = 0xeaabc30c
state = 1
species = 1
stage = 0
hunger = 0
happiness = 100
discipline = 0
health = 100
weight = 1
age_secs = 0
flags = 0
attention = 0
poops = 0
care_mistakes = 0
sim_now = 1700090304
next_event_at = 1700090604


## egg_after_release
................................................................
................................................................
................................................................
................................................................
................................................................
............................########............................
..........................############..........................
.........................##############.........................
........................################........................
.......................##################.......................
.......................##################.......................
......................####################......................
......................####################......................
......................####################......................
.....................######################.....................
.....................######################.....................
.....................######################.....................
.....................######################.....................
.....................######################.....................
.....................######################.....................
.....................######################.....................
.....................######################.....................
......................####################......................
......................####################......................
......................####################......................
.......................##################.......................
.......................##################.......................
........................################........................
.........................##############.........................
.........................##############.........................
.........................##############.........................
.........................##############.........................

abi_version = 3
save_version = 1
content_hash = 0xeaabc30c
state = 1
species = 1
stage = 0
hunger = 0
happiness = 100
discipline = 0
health = 100
weight = 1
age_secs = 0
flags = 0
attention = 0
poops = 0
care_mistakes = 0
sim_now = 1700090304
next_event_at = 1700090604


## second_pet_hatched
................................................................
................................................................
................................................................
................................................................
................................................................
................................................................
................................................................
................................................................
................................................................
................................................................
................................................................
................................................................
................................................................
................................................................
................................................................
................................................................
...........................###....###...........................
...........................###....###...........................
...........................###....###...........................
...........................###....###...........................
...........................##########...........................
...........................##..##..##...........................
..........................###..##..###..........................
..........................############..........................
..........................############..........................
..........................############..........................
..........................############..........................
..........................############..........................
...........................##########...........................
...........................##########...........................
...........................###....###...........................
...........................###....###...........................

abi_version = 3
save_version = 1
content_hash = 0xeaabc30c
state = 1
species = 1
stage = 1
hunger = 0
happiness = 100
discipline = 0
health = 100
weight = 1
age_secs = 0
flags = 0
attention = 0
poops = 0
care_mistakes = 0
sim_now = 1700090604
next_event_at = 1700094204


## after_reload
................................................................
................................................................
................................................................
................................................................
................................................................
................................................................
................................................................
................................................................
................................................................
................................................................
................................................................
................................................................
................................................................
................................................................
................................................................
................................................................
...........................###....###...........................
...........................###....###...........................
...........................###....###...........................
...........................###....###...........................
...........................##########...........................
...........................##..##..##...........................
..........................###..##..###..........................
..........................############..........................
..........................############..........................
..........................############..........................
..........................############..........................
..........................############..........................
...........................##########...........................
...........................##########...........................
...........................###....###...........................
...........................###....###...........................

abi_version = 3
save_version = 1
content_hash = 0xeaabc30c
state = 1
species = 1
stage = 1
hunger = 0
happiness = 100
discipline = 0
health = 100
weight = 1
age_secs = 1
flags = 0
attention = 0
poops = 0
care_mistakes = 0
sim_now = 1700090605
next_event_at = 1700094204

