## hatched
.......................######............####...................
.....................########....######..######.................
.....................########....######..######.................
...................####..####..##..####..#######................
...................####..####..##..####..#######................
...................##..####......####....####..#................
...................##..####......####....####..#................
...................##..##..................##..#................
...................##..##..................##..#................
...................######..............##..####.................
...................######..............##..####.................
...................##......##########......##...................
...................##......##########......##...................
................#........##..######..##..##.....................
................#........##..######..##..##.....................
...................##....##############........#................
...................##....##############........#................
................#####....####......####......##.................
................#####....####......####......##.................
................#####....####......####......###................
................#####....####......####......###................
................#####......##########...........................
................#####......##########...........................
................#..##..##..................##...................
................#..##..##..................##...................
................#..##..####..####..##..######..#................
................#..##..####..####..##..######..#................
.................##......####....##..######.....................
.................##......####....##..######.....................
.........................##..........######.....................
.........................##..........######.....................
.........................################.......................

abi_version = 3
save_version = 1
content_hash = 0xdac4e1ee
state = 1
species = 1
stage = 1
hunger = 0
happiness = 100
discipline = 0
health = 100
weight = 1
age_secs = 1
flags = 0
attention = 0
poops = 0
care_mistakes = 0
sim_now = 1700000301
next_event_at = 1700003900


## sleep_started
................................................................
......................................................####......
......................................................####......
......................................................####......
......................................................####......
......................................................####......
..........................##......##..................####......
..........................##......##............############....
........................######..######..........############....
........................######..######................######....
........................##############...................###....
........................##############..................###.....
........................##############................####......
........................##############................####......
......................##################.............#####......
......................##################............###.........
......................##..............##...........###..........
......................##....########..##..........###...........
......................##..............##..####...###............
......................##..............##..####..############....
......................##..............########..############....
......................##..............########..................
....................####......####....####......................
....................####......####....####......................
..................######..............##........................
..................######..............##........................
..................####..####......####..........................
..................####..####......####..........................
..........................##########............................
..........................##########............................
..........................##......##............................
..........................##......##............................

abi_version = 3
save_version = 1
content_hash = 0xdac4e1ee
state = 1
species = 1
stage = 2
hunger = 11
happiness = 0
discipline = 0
health = 100
weight = 23
age_secs = 50402
flags = 10
attention = 16
poops = 0
care_mistakes = 6
sim_now = 1700050702
next_event_at = 1700051600


## dirty_sleep_care_mistake
................................................................
................................................................
................................................................
................................................................
................................................................
................................................................
..........................##......##............................
..........................##......##............................
........................######..######..........................
........................######..######...............########...
........................##############...............########...
........................##############.....................##...
........................##############....................###...
........................##############...................###....
......................##################................###.....
......................##################...............###......
......................##..............##..............###.......
......................##....########..##.............########...
......................##..............##..####.......########...
......................##..............##..####..................
......................##..............########..................
......................##..............########..................
....................####......####....####......................
....................####......####....####......................
..................######..............##........................
..................######..............##........................
..................####..####......####..........................
..................####..####......####..........................
..........................##########............................
..........................##########............................
..........................##......##............................
..........................##......##............................

abi_version = 3
save_version = 1
content_hash = 0xdac4e1ee
state = 1
species = 1
stage = 2
hunger = 14
happiness = 0
discipline = 0
health = 100
weight = 23
age_secs = 51303
flags = 2
attention = 0
poops = 0
care_mistakes = 7
sim_now = 1700051603
next_event_at = 1700054440


## woke_no_bonus
................................................................
....................................................########....
...................................................##########...
..................................................############..
..................................................##...##...##..
..................................................##...##...##..
.............................##......##..........###...##...###.
............................##......##............############..
.........................######..######...........#####..#####..
........................######..######............#####..#####..
........................##############.............##########...
........................##############..............########....
........................##############..............########....
........................##############..............#.#.#.##....
......................##################........................
......................##################........................
......................##..............##........................
......................##..............##........................
......................##....##....##..##..####..................
......................##....##....##..##..####..................
......................##..............########..................
......................##..............########..................
....................####......####....####......................
....................####......####....####......................
..................######..............##........................
..................######..............##........................
..................####..####......####..........................
..................####..####......####..........................
..........................##########............................
..........................##########............................
..........................##......##............................
..........................##......##............................

abi_version = 3
save_version = 1
content_hash = 0xdac4e1ee
state = 1
species = 1
stage = 2
hunger = 100
happiness = 0
discipline = 0
health = 60
weight = 23
age_secs = 86406
flags = 1
attention = 0
poops = 0
care_mistakes = 12
sim_now = 1700086706
next_event_at = 1700086890

