## hatched
.......................######............####...................
.....................########....######..######.................
.....................########....######..######.................
...................####..####..##..####..#######................
...................####..####..##..####..#######................
...................##..####......####....####..#................
...................##..####......####....####..#................
...................##..##..................##..#................
...................##..##..................##..#................
...................######..............##..####.................
...................######..............##..####.................
...................##......##########......##...................
...................##......##########......##...................
................#........##..######..##..##.....................
................#........##..######..##..##.....................
...................##....##############........#................
...................##....##############........#................
................#####....####......####......##.................
................#####....####......####......##.................
................#####....####......####......###................
................#####....####......####......###................
................#####......##########...........................
................#####......##########...........................
................#..##..##..................##...................
................#..##..##..................##...................
................#..##..####..####..##..######..#................
................#..##..####..####..##..######..#................
.................##......####....##..######.....................
.................##......####....##..######.....................
.........................##..........######.....................
.........................##..........######.....................
.........................################.......................

abi_version = 3
save_version = 1
content_hash = 0xdac4e1ee
state = 1
species = 1
stage = 1
hunger = 0
happiness = 100
discipline = 0
health = 100
weight = 1
age_secs = 1
flags = 0
attention = 0
poops = 0
care_mistakes = 0
sim_now = 1700000301
next_event_at = 1700003900


## page_hunger
.....#...#...........#####...........#####............###.......
.....#.#.#..........#######.........###.###...........###.......
.....#.#.#.........###.#####.......####.####..........###.......
.....#.#.#.........###.#####......###########.........###.......
...................#########......###########.....###########...
..###########......#########......#.........#.....###########...
..###########.......#######.......###########.....###########...
...#########.........#####........###########.........###.......
...#########.........#####.........####.####..........###.......
....#######...........###...........###.###...........###.......
....#######...........###............#####............###.......
................................................................
...............####.#####...#...#####.#...#..####...............
..............#.......#....#.#....#...#...#.#...................
..............#.......#...#...#...#...#...#.#...................
...............###....#...#####...#...#...#..###................
..................#...#...#...#...#...#...#.....#...............
..................#...#...#...#...#...#...#.....#...............
..............####....#...#...#...#....###..####................
................................................................
..........##......########...#.....#########......##.......##...
.........###......########...#....###########.....###.....###...
........###.......########...#....##..##...##......###...###....
.......###........########...#....##..##...##.......###.###.....
......###.........####...#...#....##..##...##........#####......
.....###..........####...#...#....##.......##.........###.......
..########........####...#...#....##..##...##........#####......
..########...........#...#...#....###########.......###.###.....
..##.##.##...........#...#...#.....#########.......###...###....
..##.##.##...........#...#...#......##............####...####...
..##.##.##...........#...#...#......##............####...####...
..................############..................................

abi_version = 3
save_version = 1
content_hash = 0xdac4e1ee
state = 1
species = 1
stage = 1
hunger = 0
happiness = 100
discipline = 0
health = 100
weight = 1
age_secs = 2
flags = 0
attention = 0
poops = 0
care_mistakes = 0
sim_now = 1700000302
next_event_at = 1700000312


## page_happiness
.....#...#...........#####...........#####............###.......
.....#.#.#..........#######.........###.###...........###.......
.....#.#.#.........###.#####.......####.####..........###.......
.....#.#.#.........###.#####......###########.........###.......
...................#########......###########.....###########...
..###########......#########......#.........#.....###########...
..###########.......#######.......###########.....###########...
...#########.........#####........###########.........###.......
...#########.........#####.........####.####..........###.......
....#######...........###...........###.###...........###.......
....#######...........###............#####............###.......
................................................................
..####..#####..####..###..#####.####..#.....#####.#...#.#####...
..#...#...#...#.....#...#...#...#...#.#.......#...##..#.#.......
..#...#...#...#.....#.......#...#...#.#.......#...#.#.#.#.......
..#...#...#....###..#.......#...####..#.......#...#..##.####....
..#...#...#.......#.#.......#...#.....#.......#...#...#.#.......
..#...#...#.......#.#...#...#...#.....#.......#...#...#.#.......
..####..#####.####...###..#####.#.....#####.#####.#...#.#####...
................................................................
..........##..............###.....#.........##....##.......##...
.........###..............###................#....###.....###...
........###...............###.......##..###..#.....###...###....
.......###................###.......##..###..#......###.###.....
......###.............###.###.......##..###..#.......#####......
.....###..............###.###.......#######..#........###.......
..########............###.###.......##..###..#.......#####......
..########........###.###.###................#......###.###.....
..##.##.##........###.###.###.....#.........##.....###...###....
..##.##.##........###.###.###.....##..########....####...####...
..##.##.##........###.###.###.....##..########....####...####...
..................................############..................

abi_version = 3
save_version = 1
content_hash = 0xdac4e1ee
state = 1
species = 1
stage = 1
hunger = 0
happiness = 100
discipline = 0
health = 100
weight = 1
age_secs = 2
flags = 0
attention = 0
poops = 0
care_mistakes = 0
sim_now = 1700000302
next_event_at = 1700000312


## page_discipline
.....#...#...........#####...........#####............###.......
.....#.#.#..........#######.........###.###...........###.......
.....#.#.#.........###.#####.......####.####..........###.......
.....#.#.#.........###.#####......###########.........###.......
...................#########......###########.....###########...
..###########......#########......#.........#.....###########...
..###########.......#######.......###########.....###########...
...#########.........#####........###########.........###.......
...#########.........#####.........####.####..........###.......
....#######...........###...........###.###...........###.......
....#######...........###............#####............###.......
................................................................
..............####....#...#####.#####.#.....#####...............
..............#...#..#.#....#.....#...#.....#...................
..............#...#.#...#...#.....#...#.....#...................
..............####..#####...#.....#...#.....####................
..............#...#.#...#...#.....#...#.....#...................
..............#...#.#...#...#.....#...#.....#...................
..............####..#...#...#.....#...#####.#####...............
................................................................
..........##..............###......#########........#######..#..
.........###..............###.....###########........#####...#..
........###...............###.....##..##...##.....#...###...##..
.......###................###.....##..##...##.....##...#...###..
......###.............###.###.....##..##...##.....###.....####..
.....###..............###.###.....##.......##.....####...#####..
..########............###.###.....##..##...##.....###.....####..
..########........###.###.###.....###########.....##...#...###..
..##.##.##........###.###.###......#########......#...###...##..
..##.##.##........###.###.###.......##................###....#..
..##.##.##........###.###.###.......##................###....#..
..................................................############..

abi_version = 3
save_version = 1
content_hash = 0xdac4e1ee
state = 1
species = 1
stage = 1
hunger = 0
happiness = 100
discipline = 0
health = 100
weight = 1
age_secs = 2
flags = 0
attention = 0
poops = 0
care_mistakes = 0
sim_now = 1700000302
next_event_at = 1700000312


## page_age_weight
..###.###.####.......#####...........#####............###.......
..###.#.#.####......#######.........###.###...........###.......
..###.#.#.####.....###.#####.......####.####..........###.......
..###.#.#.####.....###.#####......###########.........###.......
..############.....#########......###########.....###########...
.............#.....#########......#.........#.....###########...
.............#......#######.......###########.....###########...
..#.........##.......#####........###########.........###.......
..#.........##.......#####.........####.####..........###.......
..##.......###........###...........###.###...........###.......
..##.......###........###............#####............###.......
..############..................................................
....................#####.#####.#####.####......................
....................#.....#.....#.....#...#.....................
....................#.....#.....#.....#...#.....................
....................####..####..####..#...#.....................
....................#.....#.....#.....#...#.....................
....................#.....#.....#.....#...#.....................
....................#.....#####.#####.####......................
................................................................
..........##..............###......#########......##.......##...
.........###..............###.....###########.....###.....###...
........###...............###.....##..##...##......###...###....
.......###................###.....##..##...##.......###.###.....
......###.............###.###.....##..##...##........#####......
.....###..............###.###.....##.......##.........###.......
..########............###.###.....##..##...##........#####......
..########........###.###.###.....###########.......###.###.....
..##.##.##........###.###.###......#########.......###...###....
..##.##.##........###.###.###.......##............####...####...
..##.##.##........###.###.###.......##............####...####...
................................................................

abi_version = 3
save_version = 1
content_hash = 0xdac4e1ee
state = 1
species = 1
stage = 1
hunger = 0
happiness = 100
discipline = 0
health = 100
weight = 1
age_secs = 2
flags = 0
attention = 0
poops = 0
care_mistakes = 0
sim_now = 1700000302
next_event_at = 1700000312


## page_health
.....#...#........###.....####.......#####............###.......
.....#.#.#........##.......###......###.###...........###.......
.....#.#.#........#...#.....##.....####.####..........###.......
.....#.#.#........#...#.....##....###########.........###.......
..................#.........##....###########.....###########...
..###########.....#.........##....#.........#.....###########...
..###########.....##.......###....###########.....###########...
...#########......###.....####....###########.........###.......
...#########......###.....####.....####.####..........###.......
....#######.......####...#####......###.###...........###.......
....#######.......####...#####.......#####............###.......
..................############..................................
..............#.....#####..###..#...#.#####..####...............
..............#.......#...#...#.#...#...#...#...................
..............#.......#...#.....#...#...#...#...................
..............#.......#...#.###.#####...#....###................
..............#.......#...#...#.#...#...#.......#...............
..............#.......#...#...#.#...#...#.......#...............
..............#####.#####..####.#...#...#...####................
................................................................
..........##..............###......#########......##.......##...
.........###..............###.....###########.....###.....###...
........###...............###.....##..##...##......###...###....
.......###................###.....##..##...##.......###.###.....
......###.............###.###.....##..##...##........#####......
.....###..............###.###.....##.......##.........###.......
..########............###.###.....##..##...##........#####......
..########........###.###.###.....###########.......###.###.....
..##.##.##........###.###.###......#########.......###...###....
..##.##.##........###.###.###.......##............####...####...
..##.##.##........###.###.###.......##............####...####...
................................................................

abi_version = 3
save_version = 1
content_hash = 0xdac4e1ee
state = 1
species = 1
stage = 1
hunger = 0
happiness = 100
discipline = 0
health = 100
weight = 1
age_secs = 3
flags = 0
attention = 0
poops = 0
care_mistakes = 0
sim_now = 1700000303
next_event_at = 1700000312

